{
 "catalog": {
  "products": 2638,
  "categories": 36,
  "by_curation": {
   "curated": 144,
   "auto_xl": 336,
   "auto_superstore": 2158
  },
  "by_role": {
   "challenger": 1058,
   "incumbent": 886,
   "own_label": 694
  },
  "by_category": {
   "bakery_bread": 65,
   "baking_home_cooking": 80,
   "biscuits_chocolate": 65,
   "breakfast_cereal": 65,
   "cheese": 80,
   "chilled_desserts": 80,
   "chilled_pizza_pasta_pies": 80,
   "confectionery_sweets": 65,
   "cooked_meats_deli": 80,
   "crisps_savoury": 65,
   "dips_salads_deli": 80,
   "fish_seafood": 80,
   "food_to_go": 80,
   "free_from": 80,
   "fresh_produce": 80,
   "frozen_icecream": 65,
   "frozen_meals_veg": 80,
   "hot_drinks": 65,
   "juice_smoothies": 80,
   "low_no_alcohol": 18,
   "meat_free": 80,
   "meat_poultry": 80,
   "milk_butter_eggs": 80,
   "nuts_dried_fruit": 80,
   "oils_vinegar_spices": 80,
   "pasta_rice_grains": 80,
   "plant_milk_dairy_alt": 65,
   "ready_meals_soup": 65,
   "sauces_condiments": 80,
   "snack_bars": 65,
   "soft_drinks": 65,
   "spreads_honey_jam": 80,
   "tinned_jars": 80,
   "water": 80,
   "world_foods": 80,
   "yoghurt": 65
  },
  "pool_sizes": {
   "bakery_bread": 1279,
   "breakfast_cereal": 1076,
   "hot_drinks": 137,
   "soft_drinks": 575,
   "crisps_savoury": 1415,
   "snack_bars": 252,
   "biscuits_chocolate": 2035,
   "confectionery_sweets": 539,
   "ready_meals_soup": 1699,
   "plant_milk_dairy_alt": 225,
   "yoghurt": 764,
   "frozen_icecream": 305,
   "free_from": 137,
   "food_to_go": 387,
   "low_no_alcohol": 19,
   "frozen_meals_veg": 647,
   "water": 104,
   "juice_smoothies": 388,
   "chilled_desserts": 256,
   "cheese": 920,
   "milk_butter_eggs": 694,
   "meat_free": 613,
   "cooked_meats_deli": 598,
   "meat_poultry": 859,
   "fish_seafood": 425,
   "dips_salads_deli": 354,
   "chilled_pizza_pasta_pies": 506,
   "world_foods": 774,
   "spreads_honey_jam": 700,
   "nuts_dried_fruit": 809,
   "baking_home_cooking": 305,
   "oils_vinegar_spices": 242,
   "pasta_rice_grains": 782,
   "tinned_jars": 995,
   "sauces_condiments": 1647,
   "fresh_produce": 573
  },
  "dropped_categories": {}
 },
 "formats": {
  "express": {
   "units": 12,
   "centre_aisles": 2,
   "slots": 57,
   "skus": 343,
   "placed": 343,
   "unplaced": 0,
   "fill_ratio": {
    "mean": 0.983,
    "min": 0.935,
    "p5": 0.957,
    "median": 0.985
   },
   "facings_mean": 3.74,
   "footprint_m": {
    "w": 22.4,
    "d": 26.2,
    "back_of_house_d": 12.0,
    "sales_floor_m2": 587,
    "promo_seasonal_floor_depth_m": 0.0
   },
   "departments": 9,
   "end_caps": 6,
   "by_role": {
    "own_label": 94,
    "challenger": 82,
    "incumbent": 167
   },
   "fixtures": {
    "produce_tables": 1,
    "bakery_counter": 1,
    "wall_chiller": 2,
    "multideck_fridge": 3,
    "freezer_doors": 1,
    "gondola": 4
   },
   "checkouts": 2,
   "self": 4,
   "meal_deal": {
    "main": 36,
    "snack": 53,
    "drink": 35
   }
  },
  "metro": {
   "units": 25,
   "centre_aisles": 6,
   "slots": 120,
   "skus": 1054,
   "placed": 1054,
   "unplaced": 0,
   "fill_ratio": {
    "mean": 0.988,
    "min": 0.942,
    "p5": 0.963,
    "median": 0.991
   },
   "facings_mean": 3.47,
   "footprint_m": {
    "w": 40.0,
    "d": 27.2,
    "back_of_house_d": 12.0,
    "sales_floor_m2": 1088,
    "promo_seasonal_floor_depth_m": 0.0
   },
   "departments": 20,
   "end_caps": 14,
   "by_role": {
    "challenger": 427,
    "incumbent": 354,
    "own_label": 273
   },
   "fixtures": {
    "produce_tables": 2,
    "bakery_counter": 1,
    "wall_chiller": 1,
    "multideck_fridge": 9,
    "gondola": 11,
    "freezer_doors": 1
   },
   "checkouts": 4,
   "self": 8,
   "meal_deal": {
    "main": 32,
    "snack": 58,
    "drink": 39
   }
  },
  "superstore": {
   "units": 91,
   "centre_aisles": 36,
   "slots": 440,
   "skus": 2638,
   "placed": 2638,
   "unplaced": 0,
   "fill_ratio": {
    "mean": 0.793,
    "min": 0.35,
    "p5": 0.551,
    "median": 0.77
   },
   "facings_mean": 9.55,
   "footprint_m": {
    "w": 90.8,
    "d": 50.0,
    "back_of_house_d": 12.0,
    "sales_floor_m2": 4540,
    "promo_seasonal_floor_depth_m": 5.6
   },
   "departments": 21,
   "end_caps": 76,
   "by_role": {
    "own_label": 694,
    "challenger": 1058,
    "incumbent": 886
   },
   "fixtures": {
    "produce_tables": 7,
    "bakery_counter": 1,
    "wall_chiller": 1,
    "multideck_fridge": 10,
    "gondola": 61,
    "freezer_doors": 11
   },
   "checkouts": 16,
   "self": 32,
   "meal_deal": {
    "main": 80,
    "snack": 155,
    "drink": 103
   }
  }
 },
 "stores": [
  {
   "id": "express_office",
   "format": "express",
   "dominant_personas": [
    "meal_deal_office",
    "glp1_small_appetite",
    "novelty_seeker_tiktok"
   ],
   "mission_mix": {
    "weekly_shop": 0.0224,
    "top_up": 0.3289,
    "meal_deal": 0.4398,
    "treat": 0.111,
    "gym": 0.0979
   }
  },
  {
   "id": "express_campus",
   "format": "express",
   "dominant_personas": [
    "novelty_seeker_tiktok",
    "meal_deal_office",
    "glp1_small_appetite"
   ],
   "mission_mix": {
    "weekly_shop": 0.093,
    "top_up": 0.3701,
    "meal_deal": 0.2284,
    "treat": 0.173,
    "gym": 0.1355
   }
  },
  {
   "id": "metro_high_street",
   "format": "metro",
   "dominant_personas": [
    "glp1_small_appetite",
    "upf_avoider_parent",
    "meal_deal_office"
   ],
   "mission_mix": {
    "weekly_shop": 0.1835,
    "top_up": 0.4171,
    "meal_deal": 0.1931,
    "treat": 0.13,
    "gym": 0.0764
   }
  },
  {
   "id": "superstore_retail_park",
   "format": "superstore",
   "dominant_personas": [
    "upf_avoider_parent",
    "novelty_seeker_tiktok",
    "glp1_small_appetite"
   ],
   "mission_mix": {
    "weekly_shop": 0.4824,
    "top_up": 0.2297,
    "meal_deal": 0.0526,
    "treat": 0.1728,
    "gym": 0.0625
   }
  }
 ],
 "file_sizes_kb": {
  "data/products/catalog_superstore.json": 9945,
  "data/store/stores.json": 13,
  "data/store/formats/express.config.json": 29,
  "data/store/formats/planogram_express.json": 39,
  "data/store/formats/metro.config.json": 47,
  "data/store/formats/planogram_metro.json": 112,
  "data/store/formats/superstore.config.json": 154,
  "data/store/formats/planogram_superstore.json": 309
 }
}
EXIT 0
stores.json: standard, xl, express, metro, superstore, express_office, express_campus, metro_high_street, superstore_retail_park, fixtures6, fixturesxl, fixturessuper
synced 180 files:
  data/store/store.config.json
  data/store/planogram.json
  data/store/planogram_xl.json
  data/store/store_xl.config.json
  data/products/catalog.json
  sim/fixtures/personas/*.json (5) → personas.json
  data/personas/lens (kind ai_agent: 3) → personas_ai.json
  data/sim/runs/agent_20261003_112748_s1_mock_0954.json
  data/sim/runs/agent_20261003_112840_s1_b2fd.json
  data/sim/runs/agent_20261003_114253_s1_eda5.json
  data/sim/runs/agent_20261003_115907_s1_jev_5945.json
  data/sim/runs/run_20261003_112748_s1_mock_ec43.json
  data/sim/runs/run_20261003_112748_s2_mock_b0de.json
  data/sim/runs/run_20261003_112807_s7_398d.json
  data/sim/runs/run_20261003_112839_s7_26b0.json
  data/sim/runs/run_20261003_112920_s5_mock_bb03.json
  data/sim/runs/run_20261003_120714_s1_jev_6a07.json
  data/sim/runs/run_20261003_120819_s3_jev_3b76.json
  data/sim/runs/run_20261003_120823_s11_jev_4482.json
  data/sim/runs/run_20261003_124524_s5_mock_586f.json
  data/sim/runs/run_20261003_125423_s909_jev_5c63.json
  data/store/store_xl.config.json
  data/store/planogram_xl.json
  data/products/catalog_xl.json
  data/store/formats/express.config.json
  data/store/formats/planogram_express.json
  data/products/catalog_superstore.json
  data/store/formats/metro.config.json
  data/store/formats/planogram_metro.json
  data/products/catalog_superstore.json
  data/store/formats/superstore.config.json
  data/store/formats/planogram_superstore.json
  data/products/catalog_superstore.json
  data/sim/layout/nutrition_off.json
  data/sim/layout/planogram_blended.json
  data/sim/layout/planogram_ease.json
  data/sim/layout/planogram_retailer.json
  data/sim/layout/report_blended.json
  data/sim/layout/report_ease.json
  data/sim/layout/report_retailer.json
  data/sim/layout/summary.json
  data/sim/layout/surrogate.json
  data/sim/brand/00227643.json
  data/sim/brand/00355858.json
  data/sim/brand/0061232201047.json
  data/sim/brand/00953023.json
  data/sim/brand/01498257.json
  data/sim/brand/01835588.json
  data/sim/brand/20402167.json
  data/sim/brand/20422684.json
  data/sim/brand/20425609.json
  data/sim/brand/4016241050199.json
  data/sim/brand/4025500243579.json
  data/sim/brand/4025500277031.json
  data/sim/brand/4056489010104.json
  data/sim/brand/4056489239918.json
  data/sim/brand/4056489296454.json
  data/sim/brand/4088600068367.json
  data/sim/brand/4088600574530.json
  data/sim/brand/5000112545326.json
  data/sim/brand/5000112630688.json
  data/sim/brand/5000119117342.json
  data/sim/brand/5000127014084.json
  data/sim/brand/5000157062673.json
  data/sim/brand/5000157062680.json
  data/sim/brand/5000159558396.json
  data/sim/brand/5000168036755.json
  data/sim/brand/5000181024043.json
  data/sim/brand/5000246728183.json
  data/sim/brand/5000328015897.json
  data/sim/brand/5000462416772.json
  data/sim/brand/5010029000023.json
  data/sim/brand/5010029221091.json
  data/sim/brand/5010477348630.json
  data/sim/brand/5012427072206.json
  data/sim/brand/5013665115373.json
  data/sim/brand/5013665116417.json
  data/sim/brand/5017764003142.json
  data/sim/brand/5024115330055.json
  data/sim/brand/5024121100475.json
  data/sim/brand/5027040036603.json
  data/sim/brand/50271511.json
  data/sim/brand/5031021057952.json
  data/sim/brand/5033665206864.json
  data/sim/brand/5034124007626.json
  data/sim/brand/5036589253471.json
  data/sim/brand/5053990127740.json
  data/sim/brand/5054402919854.json
  data/sim/brand/5054781763529.json
  data/sim/brand/5056357909546.json
  data/sim/brand/5056638100006.json
  data/sim/brand/5057753940317.json
  data/sim/brand/5059319015279.json
  data/sim/brand/5059697704932.json
  data/sim/brand/5059697710001.json
  data/sim/brand/5060042641000.json
  data/sim/brand/5060043225353.json
  data/sim/brand/5060088701478.json
  data/sim/brand/5060088709047.json
  data/sim/brand/5060120281975.json
  data/sim/brand/5060262485286.json
  data/sim/brand/5060283762199.json
  data/sim/brand/5060292308500.json
  data/sim/brand/5060337220415.json
  data/sim/brand/5060360506128.json
  data/sim/brand/5060362072263.json
  data/sim/brand/5060367450356.json
  data/sim/brand/5060406080223.json
  data/sim/brand/5060411920040.json
  data/sim/brand/5060430292760.json
  data/sim/brand/5060482840179.json
  data/sim/brand/5060489730657.json
  data/sim/brand/5060494810665.json
  data/sim/brand/5060512671247.json
  data/sim/brand/5060587580055.json
  data/sim/brand/5060674960098.json
  data/sim/brand/5060719920162.json
  data/sim/brand/5060811384084.json
  data/sim/brand/5060878780386.json
  data/sim/brand/5070000126579.json
  data/sim/brand/5070000313801.json
  data/sim/brand/51000005.json
  data/sim/brand/5201054017418.json
  data/sim/brand/5410126716016.json
  data/sim/brand/5411188083191.json
  data/sim/brand/5411188110835.json
  data/sim/brand/5411188121213.json
  data/sim/brand/5900020042538.json
  data/sim/brand/6413300018042.json
  data/sim/brand/7394376617164.json
  data/sim/brand/7394376620713.json
  data/sim/brand/7622210445346.json
  data/sim/brand/7622300845759.json
  data/sim/brand/8000500417195.json
  data/sim/brand/8410076600790.json
  data/sim/brand/8410376058116.json
  data/sim/brand/8717677339914.json
  data/sim/brand/9350271002014.json
  data/sim/swaps/claim_premium.json
  data/sim/swaps/p_eco_low_chemical_run_20261003_120130_s3_jev_c554.json
  data/sim/swaps/p_glp1_small_appetite_demo_basket.json
  data/sim/swaps/p_protein_sceptic_gimmick_reactant_run_20261003_120130_s3_jev_c554.json
  data/sim/swaps/p_upf_avoider_parent_run_20261003_120130_s3_jev_c554.json
  data/sim/visits/visits_20261003_122758_mock_s21_dry.cards.json
  data/sim/visits/visits_20261003_122758_mock_s21_dry.eval.json
  data/sim/visits/visits_20261003_122758_mock_s21_dry.json
  data/sim/visits/visits_20261003_123624_jev_s21-22-23_main.json
  data/sim/visits/visits_20261003_123624_jev_s21-22_main.cards.json
  data/sim/visits/visits_20261003_123624_jev_s21-22_main.eval.json
  data/sim/visits/visits_20261003_123624_jev_s21-22_main.json
  data/sim/ops/day_20261003_130238_s1_smart_priority_bay.json
  data/sim/ops/day_20261003_130248_s1_jsq_priority_bay.json
  data/provenance/graph.json
  data/provenance/corpus_stats.json
  data/provenance/personas/index.json
  data/provenance/personas/p_ai_delegator.json
  data/provenance/personas/p_allergen_coeliac.json
  data/provenance/personas/p_eco_low_chemical.json
  data/provenance/personas/p_frugal_unit_price.json
  data/provenance/personas/p_glp1_small_appetite.json
  data/provenance/personas/p_habit_loyalist_shrinkflation_angry.json
  data/provenance/personas/p_meal_deal_office.json
  data/provenance/personas/p_novelty_seeker_tiktok.json
  data/provenance/personas/p_protein_gym.json
  data/provenance/personas/p_protein_sceptic_gimmick_reactant.json
  data/provenance/personas/p_upf_avoider_parent.json
  data/provenance/personas/p_vegan_ethical.json
  data/provenance/personas/staged_agent_gpt.json
  data/provenance/personas/staged_agent_tesco.json
  data/provenance/personas/staged_aisha.json
  data/provenance/personas/staged_dev.json
  data/provenance/personas/staged_ege.json
  data/provenance/personas/staged_ellie.json
  data/provenance/personas/staged_jordan.json
  data/provenance/personas/staged_marcus.json
  data/provenance/personas/staged_margaret.json
  data/provenance/personas/staged_priya.json
  data/provenance/personas/staged_rachel.json
  data/provenance/personas/staged_sam.json
  data/provenance/personas/staged_tom.json
runs/index.json: 14 real run(s), 0 fixture run(s)
SYNCED
